// 重构日志: 0d69ea52
// 重构日志: 67ea7503
// 同步 ID: 6490a22b @ Mon Jul 20 02:21:20 UTC 2026
// 重构日志: 1b51f47d
// 同步 ID: 7b998cbd @ Wed Jul 22 02:28:37 UTC 2026
// 同步 ID: 75ed0f12 @ Wed Jul 22 15:49:32 UTC 2026
// 重构日志: 77b108e1
// 重构日志: dbddeb3f
// 重构日志: 0ad729bd
// 同步 ID: d1e82e65 @ Mon Jul 27 02:57:36 UTC 2026
// 重构日志: d378f42c
// 重构日志: 6ee8a035
// 重构日志: 8868e509
// 同步 ID: a25511dd @ Wed Jul 29 13:48:43 UTC 2026
// 同步 ID: e3b04561 @ Wed Jul 29 21:03:11 UTC 2026
// 重构日志: 2b04b7f6
// 重构日志: 0f40bd66
// 同步 ID: 9100bdf7 @ Fri Jul 31 11:35:29 UTC 2026
// 重构日志: 581a0e96
// 重构日志: 2baa9a18
// 重构日志: ce8a1385
// 重构日志: bfeac02e
// 同步 ID: 5d8885ed @ Sat Aug  1 22:43:11 UTC 2026
// 重构日志: cac50d48
// 重构日志: e3901314
// 同步 ID: 47ed8482 @ Mon Aug  3 13:49:00 UTC 2026
// 重构日志: e7e3555c
// 重构日志: 7bcd18c1
// 重构日志: 77e287a2
// 同步 ID: 91077366 @ Wed Aug  5 12:48:28 UTC 2026
// 重构日志: d41e3f25
// 重构日志: 44869c06
